Disabled all JVMTI agents during -XX:AOTMode=create
Core region alignment: 16384
trying to map AOTConfiguration file fat.aotconf
Opened AOT configuration file fat.aotconf.
The AOT configuration file was created with UseCompressedOops = 1, UseCompressedClassPointers = 1, UseCompactObjectHeaders = 0
Core region alignment: 16384
ArchiveRelocationMode: 1
ArchiveRelocationMode == 1: always map archive(s) at an alternative address
Try to map archive(s) at an alternative address
Reserved archive_space_rs [0x00001ff000000000 - 0x00001ff003000000] (50331648) bytes (includes protection zone)
Reserved class_space_rs   [0x00001ff003000000 - 0x00001ff043000000] (1073741824) bytes
Mapped static  region #0 at base 0x00001ff000004000 top 0x00001ff000fe0000 (ReadWrite)
Mapped static  region #1 at base 0x00001ff000fe0000 top 0x00001ff002794000 (ReadOnly)
Mapped static  region #2 at base 0x0000000109f30000 top 0x0000000109fb4000 (Bitmap)
archived module property jdk.module.main: (null)
archived module property jdk.module.addexports: (null)
archived module property jdk.module.addmods: (null)
archived module property jdk.module.enable.native.access: (null)
archived module property jdk.module.addopens: (null)
archived module property jdk.module.addreads: (null)
optimized module handling: enabled
full module graph: enabled
full module graph cannot be loaded: archive heap loading failed
initial optimized module handling: enabled
initial full module graph: disabled
Unmapping region #2 at base 0x0000000109f30000 (Bitmap)
Using AOT-linked classes: false (static archive: no aot-linked classes)
JVM_StartThread() ignored: java.lang.ref.Reference$ReferenceHandler
JVM_StartThread() ignored: java.lang.ref.Finalizer$FinalizerThread
Not starting management agent during creation of AOT cache.
Rewriting and linking classes ...
JVM_StartThread() ignored: jdk.internal.misc.InnocuousThread
Rewriting and linking classes: done
allocated string table for 4441 strings
string table array (single level) length = 4441
Writing AOTCache file: fat.aot
Gathering all archivable objects ... 
Heap range = [0x0000000b44800000 - 0x0000000cc4800000]
Archived 4439 interned strings
Gathering classes and symbols ... 
Sorting symbols ... 
Sorting classes ... 
Reserved output buffer space at 0x00000003c0000000 [1084227584 bytes]
Allocating RW objects ... 
done (110876 objects)
Allocating RO objects ... 
done (232431 objects)
Relocating embedded pointers in core regions ... 
Make classes shareable
Number of classes 5726
    instance classes   =  5259, aot-linked =  2240, inited =   307
      boot             =  2133, aot-linked =  2133, inited =   282
        vm             =   151, aot-linked =   151, inited =    42
      platform         =     6, aot-linked =     6, inited =     0
      app              =   101, aot-linked =   101, inited =    25
      unregistered     =  3019, aot-linked =     0, inited =     0
      (enum)           =   206, aot-linked =    69, inited =     9
      (hidden)         =   161, aot-linked =   161, inited =   161
      (old)            =     0, aot-linked =     0, inited =     0
      (unlinked)       =  3019, boot = 0, plat = 0, app = 0, unreg = 3019
    obj array classes  =   458
    type array classes =     9
               symbols = 105953
sorting heap objects
computed ranks
sorting heap objects done
Size of heap region = 1210704 bytes, 25518 objects, 4007 roots, 3036 native ptrs
oopmap =       4 ...  302676 (  0% ... 100% =  99%)
ptrmap =   64059 ...  106160 ( 42% ...  70% =  27%)
Dumping symbol table ...
Archived 65 method handle intrinsics (17688 bytes)
Shared file region (rw) 0: 15838608 bytes, addr 0x0000000800004000 file offset 0x00004000 crc 0xcb2c63db
Shared file region (ro) 1: 24540312 bytes, addr 0x0000000800f20000 file offset 0x00f20000 crc 0xf1332456
Shared file region (ac) 4:   454264 bytes, addr 0x0000000802688000 file offset 0x02688000 crc 0x7a6d19ee
Shared file region (bm) 2:   545080 bytes, addr 0x0000000000000000 file offset 0x026f8000 crc 0xa68e8194
Shared file region (hp) 3:  1210704 bytes, addr 0x0000000cc4400000 file offset 0x02780000 crc 0x90fa834e
Full module graph = enabled
Class  CP entries =  63427, archived =  13878 ( 21.9%), reverted =      0
Field  CP entries =  20987, archived =   6695 ( 31.9%), reverted =      0
Method CP entries =  10668, archived =  10611 ( 99.5%), reverted =     57
Indy   CP entries =    148, archived =    148 (100.0%), reverted =      0
Platform loader initiated classes =   1154
App      loader initiated classes =   1160
MethodCounters                    =   6618 (  423552 bytes)
KlassTrainingData                 =   1096 (   52608 bytes)
MethodTrainingData                =   3401 (  326496 bytes)
