
  .   ____          _            __ _ _
 /\\ / ___'_ __ _ _(_)_ __  __ _ \ \ \ \
( ( )\___ | '_ | '_| | '_ \/ _` | \ \ \ \
 \\/  ___)| |_)| | | | | || (_| |  ) ) ) )
  '  |____| .__|_| |_|_| |_\__, | / / / /
 =========|_|==============|___/=/_/_/_/

 :: Spring Boot ::                (v4.1.1)

2026-09-19T01:17:55.807+09:00  INFO 19389 --- [blog] [           main] com.petercoders.blog.BlogApplicationKt   : Starting BlogApplicationKt v0.0.1-SNAPSHOT using Java 25.0.4.1 with PID 19389 (/Users/kibong_home/Desktop/development/blog/build/libs/blog-0.0.1-SNAPSHOT.jar started by kibong_home in /Users/kibong_home/Desktop/development/blog/src/main/kotlin/com/petercoders/blog/aot/runs/work-fat)
2026-09-19T01:17:55.808+09:00  INFO 19389 --- [blog] [           main] com.petercoders.blog.BlogApplicationKt   : No active profile set, falling back to 1 default profile: "default"
2026-09-19T01:17:56.114+09:00  INFO 19389 --- [blog] [           main] com.petercoders.blog.BlogApplicationKt   : Started BlogApplicationKt in 0.492 seconds (process running for 0.78)
[0.792s][warning][aot] Preload Warning: Verification failed for org.springframework.boot.logging.log4j2.Log4J2LoggingSystem
[0.813s][warning][aot] Skipping jdk/internal/event/Event: JFR event class
[0.813s][warning][aot] Skipping jdk/proxy1/$Proxy4: Unsupported location
[0.813s][warning][aot] Skipping jdk/proxy1/$Proxy3: Unsupported location
[0.813s][warning][aot] Skipping jdk/internal/event/SecurityProviderServiceEvent: JFR event class
[0.814s][warning][aot] Skipping jdk/proxy1/$Proxy20: Unsupported location
[0.814s][warning][aot] Skipping jdk/proxy1/$Proxy8: Unsupported location
[0.814s][warning][aot] Skipping jdk/proxy1/$Proxy17: Unsupported location
[0.814s][warning][aot] Skipping jdk/proxy1/$Proxy0: Unsupported location
[0.814s][warning][aot] Skipping jdk/proxy1/$Proxy1: Unsupported location
[0.814s][warning][aot] Skipping org/springframework/boot/logging/log4j2/Log4J2LoggingSystem: Failed verification
 AOTConfiguration recorded: fat.aotconf
