# x5 — 필터 예외(BoomFilter/x5/filter-boom)는 DispatcherServlet 밖이라 @RestControllerAdvice가 못 잡는지 확인
# java -version: openjdk version "26.0.2.1" 2026-08-18; OpenJDK Runtime Environment (build 26.0.2.1+1-7); OpenJDK 64-Bit Server VM (build 26.0.2.1+1-7, mixed mode, sharing)
# 기기: Apple M5 Pro, 15 cores, hw.cachelinesize: 128
# 명령: cd /Users/kibong_home/Desktop/development/blog && ./gradlew --offline -q excLab --args='X5'
#
## [X5] 필터에서 던진 예외 — advice 가 붙어 있어도 advice 응답이 나오는가
2026-09-27T23:46:14.276+09:00  WARN 77228 --- [blog] [           main] .s.a.UserDetailsServiceAutoConfiguration : 

Using generated security password: c2147bce-ec8b-4387-8c77-eeea1d657f63

This generated password is for development use only. Your security configuration must be updated before running your application in production.

| case | status | content-type | body |
|---|---|---|---|
2026-09-27T23:46:14.553+09:00 ERROR 77228 --- [blog] [io-18099-exec-1] o.a.c.c.C.[.[.[/].[dispatcherServlet]    : Servlet.service() for servlet [dispatcherServlet] in context with path [] threw exception

java.lang.IllegalStateException: filter failure
	at com.petercoders.blog.exc.BoomFilter.doFilter(ExcProbes.kt:58) ~[main/:na]
	at org.apache.catalina.core.ApplicationFilterChain.doFilter(ApplicationFilterChain.java:111) ~[tomcat-embed-core-11.0.24.jar:11.0.24]
	at com.petercoders.blog.exc.TraceFilter.doFilter(ExcProbes.kt:49) ~[main/:na]
	at org.apache.catalina.core.ApplicationFilterChain.doFilter(ApplicationFilterChain.java:111) ~[tomcat-embed-core-11.0.24.jar:11.0.24]
	at org.springframework.web.filter.CharacterEncodingFilter.doFilterInternal(CharacterEncodingFilter.java:199) ~[spring-web-7.0.9.jar:7.0.9]
	at org.springframework.web.filter.OncePerRequestFilter.doFilter(OncePerRequestFilter.java:116) ~[spring-web-7.0.9.jar:7.0.9]
	at org.apache.catalina.core.ApplicationFilterChain.doFilter(ApplicationFilterChain.java:111) ~[tomcat-embed-core-11.0.24.jar:11.0.24]
	at org.apache.catalina.core.StandardWrapperValve.invoke(StandardWrapperValve.java:165) ~[tomcat-embed-core-11.0.24.jar:11.0.24]
	at org.apache.catalina.core.StandardContextValve.invoke(StandardContextValve.java:77) ~[tomcat-embed-core-11.0.24.jar:11.0.24]
	at org.apache.catalina.authenticator.AuthenticatorBase.invoke(AuthenticatorBase.java:535) ~[tomcat-embed-core-11.0.24.jar:11.0.24]
	at org.apache.catalina.core.StandardHostValve.invoke(StandardHostValve.java:115) ~[tomcat-embed-core-11.0.24.jar:11.0.24]
	at org.apache.catalina.valves.ErrorReportValve.invoke(ErrorReportValve.java:86) ~[tomcat-embed-core-11.0.24.jar:11.0.24]
	at org.apache.catalina.core.StandardEngineValve.invoke(StandardEngineValve.java:71) ~[tomcat-embed-core-11.0.24.jar:11.0.24]
	at org.apache.catalina.connector.CoyoteAdapter.service(CoyoteAdapter.java:347) ~[tomcat-embed-core-11.0.24.jar:11.0.24]
	at org.apache.coyote.http11.Http11Processor.service(Http11Processor.java:406) ~[tomcat-embed-core-11.0.24.jar:11.0.24]
	at org.apache.coyote.AbstractProcessorLight.process(AbstractProcessorLight.java:71) ~[tomcat-embed-core-11.0.24.jar:11.0.24]
	at org.apache.coyote.AbstractProtocol$ConnectionHandler.process(AbstractProtocol.java:1307) ~[tomcat-embed-core-11.0.24.jar:11.0.24]
	at org.apache.tomcat.util.net.NioEndpoint$SocketProcessor.doRun(NioEndpoint.java:2036) ~[tomcat-embed-core-11.0.24.jar:11.0.24]
	at org.apache.tomcat.util.net.SocketProcessorBase.run(SocketProcessorBase.java:74) ~[tomcat-embed-core-11.0.24.jar:11.0.24]
	at org.apache.tomcat.util.threads.ThreadPoolExecutor.runWorker(ThreadPoolExecutor.java:949) ~[tomcat-embed-core-11.0.24.jar:11.0.24]
	at org.apache.tomcat.util.threads.ThreadPoolExecutor$Worker.run(ThreadPoolExecutor.java:483) ~[tomcat-embed-core-11.0.24.jar:11.0.24]
	at org.apache.tomcat.util.threads.TaskThread$WrappingRunnable.run(TaskThread.java:74) ~[tomcat-embed-core-11.0.24.jar:11.0.24]
	at java.base/java.lang.Thread.run(Thread.java:1474) ~[na:na]

| filter boom            | 500 | application/json           | {"timestamp":"2026-09-27T14:46:14.565Z","status":500,"error":"Internal Server Error","path":"/x5/filter-boom"} |
| controller ISE         | 541 | application/json           | {"who":"AdviceA#RuntimeException","ex":"java.lang.IllegalStateException"} |

## [X6] 그 요청을 실제로 받은 자리 — 디스패치 기록
  [0] REQUEST /x5/filter-boom
  [1] ERROR /error
  [2] REQUEST /x2/ise

