# 실험: A3b — 절: @Scheduled의 스레드 하나가 만드는 계약 (A3 비교군: spring.task.scheduling.pool.size=2, 나머지 동일 — rate 프로파일: fixedRate=2000 두 개, 본문 Thread.sleep(3000), 11초 관측)
# java -version: openjdk version "26.0.2.1" 2026-08-18 / OpenJDK Runtime Environment (build 26.0.2.1+1-7) / OpenJDK 64-Bit Server VM (build 26.0.2.1+1-7, mixed mode, sharing)  [실행은 Gradle 툴체인 JDK 25 로 함 — build.gradle.kts: java.toolchain.languageVersion=25]
# 기기: Apple M5 Pro, 15 cores, hw.cachelinesize=128
# 명령: cd /Users/kibong_home/Desktop/development/blog && ./gradlew --offline -q asyncLab --args='A3b' 2>&1 | tee src/main/kotlin/com/petercoders/blog/async/runs/a3b.log

## [A3b] pool.size=2 · 같은 작업
t= 1s beta   start thread=scheduling-2
t= 1s alpha  start thread=scheduling-1
t= 4s alpha  end   thread=scheduling-1
t= 4s beta   end   thread=scheduling-2
t= 4s alpha  start thread=scheduling-1
t= 4s beta   start thread=scheduling-2
t= 7s beta   end   thread=scheduling-2
t= 7s alpha  end   thread=scheduling-1
t= 7s beta   start thread=scheduling-2
t= 7s alpha  start thread=scheduling-1
t=10s beta   end   thread=scheduling-2
t=10s alpha  end   thread=scheduling-1
t=10s beta   start thread=scheduling-1
t=10s alpha  start thread=scheduling-2
t=13s beta   end   thread=scheduling-1
t=13s alpha  end   thread=scheduling-2
