# 실험: e6 (SPRING-INTERNALS 1편 §5 "걸린 트랜잭션이 사는 곳") — TransactionSynchronizationManager ThreadLocal 슬롯 6개, txlab.log 의 [E4]~[E5] 구간 추출
# java -version: openjdk version "26.0.2.1" 2026-08-18 / OpenJDK Runtime Environment (build 26.0.2.1+1-7) / OpenJDK 64-Bit Server VM (build 26.0.2.1+1-7, mixed mode, sharing)
# 기기: Apple M5 Pro, 15 코어, hw.cachelinesize: 128
# 명령: cd ~/Desktop/development/blog && sed -n '/## \[E4\]/,/## \[E5\]/p' src/main/kotlin/com/petercoders/blog/tx/runs/txlab.log
## [E4] TransactionSynchronizationManager ThreadLocal slots
--- outside a transaction (main thread)
  resources                        = null
  synchronizations                 = null
  currentTransactionName           = null
  currentTransactionReadOnly       = null
  currentTransactionIsolationLevel = null
  actualTransactionActive          = null
--- inside a transaction (main thread)
  resources                        = {HikariDataSource (HikariPool-1)=org.springframework.jdbc.datasource.ConnectionHolder@446e7065}
  synchronizations                 = []
  currentTransactionName           = null
  currentTransactionReadOnly       = null
  currentTransactionIsolationLevel = null
  actualTransactionActive          = true
--- same moment, another thread
  resources                        = null
  synchronizations                 = null
  currentTransactionName           = null
  currentTransactionReadOnly       = null
  currentTransactionIsolationLevel = null
  actualTransactionActive          = null

## [E5] rollback rules (rows left in H2: 0 = rolled back, 1 = committed)
