
  .   ____          _            __ _ _
 /\\ / ___'_ __ _ _(_)_ __  __ _ \ \ \ \
( ( )\___ | '_ | '_| | '_ \/ _` | \ \ \ \
 \\/  ___)| |_)| | | | | || (_| |  ) ) ) )
  '  |____| .__|_| |_|_| |_\__, | / / / /
 =========|_|==============|___/=/_/_/_/

 :: Spring Boot ::                (v4.1.1)

[0.490s][warning][aot] class org/springframework/core/type/classreading/ClassFileMetadataReaderFactory cannot be archived because it was not defined from /Users/kibong_home/Desktop/development/blog/src/main/kotlin/com/petercoders/blog/aot/runs/work/application/lib/spring-core-7.0.9.jar as claimed
2026-09-23T00:15:30.536+09:00  INFO 15531 --- [blog] [           main] com.petercoders.blog.BlogApplicationKt   : Starting BlogApplicationKt v0.0.1-SNAPSHOT using Java 25.0.4.1 with PID 15531 (/Users/kibong_home/Desktop/development/blog/src/main/kotlin/com/petercoders/blog/aot/runs/work/application/blog-0.0.1-SNAPSHOT.jar started by kibong_home in /Users/kibong_home/Desktop/development/blog/src/main/kotlin/com/petercoders/blog/aot/runs/work)
2026-09-23T00:15:30.538+09:00  INFO 15531 --- [blog] [           main] com.petercoders.blog.BlogApplicationKt   : No active profile set, falling back to 1 default profile: "default"
[0.558s][warning][aot] class org/springframework/core/type/classreading/ClassFileMetadataReader cannot be archived because it was not defined from /Users/kibong_home/Desktop/development/blog/src/main/kotlin/com/petercoders/blog/aot/runs/work/application/lib/spring-core-7.0.9.jar as claimed
[0.559s][warning][aot] class org/springframework/core/type/classreading/ClassFileAnnotationMetadata cannot be archived because it was not defined from /Users/kibong_home/Desktop/development/blog/src/main/kotlin/com/petercoders/blog/aot/runs/work/application/lib/spring-core-7.0.9.jar as claimed
[0.559s][warning][aot] class org/springframework/core/type/classreading/ClassFileAnnotationMetadata$Builder cannot be archived because it was not defined from /Users/kibong_home/Desktop/development/blog/src/main/kotlin/com/petercoders/blog/aot/runs/work/application/lib/spring-core-7.0.9.jar as claimed
[0.561s][warning][aot] class org/springframework/core/type/classreading/ClassFileMethodMetadata cannot be archived because it was not defined from /Users/kibong_home/Desktop/development/blog/src/main/kotlin/com/petercoders/blog/aot/runs/work/application/lib/spring-core-7.0.9.jar as claimed
[0.562s][warning][aot] class org/springframework/core/type/classreading/ClassFileMethodMetadata$Source cannot be archived because it was not defined from /Users/kibong_home/Desktop/development/blog/src/main/kotlin/com/petercoders/blog/aot/runs/work/application/lib/spring-core-7.0.9.jar as claimed
[0.565s][warning][aot] class org/springframework/core/type/classreading/ClassFileAnnotationDelegate cannot be archived because it was not defined from /Users/kibong_home/Desktop/development/blog/src/main/kotlin/com/petercoders/blog/aot/runs/work/application/lib/spring-core-7.0.9.jar as claimed
[0.566s][warning][aot] class org/springframework/core/type/classreading/ClassFileAnnotationDelegate$Source cannot be archived because it was not defined from /Users/kibong_home/Desktop/development/blog/src/main/kotlin/com/petercoders/blog/aot/runs/work/application/lib/spring-core-7.0.9.jar as claimed
2026-09-23T00:15:30.894+09:00  INFO 15531 --- [blog] [           main] com.petercoders.blog.BlogApplicationKt   : Started BlogApplicationKt in 0.561 seconds (process running for 0.851)
[0.869s][warning][aot] Preload Warning: Verification failed for org.springframework.boot.logging.log4j2.Log4J2LoggingSystem
[0.894s][warning][aot] Skipping jdk/internal/event/Event: JFR event class
[0.894s][warning][aot] Skipping jdk/proxy1/$Proxy8: Unsupported location
[0.894s][warning][aot] Skipping jdk/proxy2/$Proxy9: Unsupported location
[0.894s][warning][aot] Skipping jdk/proxy2/$Proxy10: Unsupported location
[0.894s][warning][aot] Skipping jdk/proxy2/$Proxy11: Unsupported location
[0.894s][warning][aot] Skipping jdk/proxy2/$Proxy24: Unsupported location
[0.894s][warning][aot] Skipping jdk/proxy2/$Proxy23: Unsupported location
[0.894s][warning][aot] Skipping jdk/proxy2/$Proxy22: Unsupported location
[0.894s][warning][aot] Skipping jdk/proxy2/$Proxy36: Unsupported location
[0.894s][warning][aot] Skipping jdk/internal/event/SecurityProviderServiceEvent: JFR event class
[0.894s][warning][aot] Skipping jdk/proxy2/$Proxy2: Unsupported location
[0.895s][warning][aot] Skipping jdk/proxy2/$Proxy41: Unsupported location
[0.895s][warning][aot] Skipping jdk/proxy2/$Proxy40: Unsupported location
[0.895s][warning][aot] Skipping org/springframework/boot/logging/log4j2/Log4J2LoggingSystem: Failed verification
[0.895s][warning][aot] Skipping org/springframework/core/type/classreading/ClassFileAnnotationDelegate: Unsupported location
[0.895s][warning][aot] Skipping jdk/proxy2/$Proxy35: Unsupported location
[0.895s][warning][aot] Skipping jdk/proxy2/$Proxy7: Unsupported location
[0.895s][warning][aot] Skipping org/springframework/core/type/classreading/ClassFileAnnotationMetadata$Builder: Unsupported location
[0.895s][warning][aot] Skipping org/springframework/core/type/classreading/ClassFileMetadataReader: Unsupported location
[0.895s][warning][aot] Skipping org/springframework/core/type/classreading/ClassFileMetadataReaderFactory: Unsupported location
[0.895s][warning][aot] Skipping org/springframework/core/type/classreading/ClassFileMethodMetadata: Unsupported location
[0.895s][warning][aot] Skipping jdk/proxy2/$Proxy39: Unsupported location
[0.895s][warning][aot] Skipping jdk/proxy2/$Proxy34: Unsupported location
[0.895s][warning][aot] Skipping org/springframework/core/$Proxy38: Unsupported location
[0.895s][warning][aot] Skipping jdk/proxy1/$Proxy4: Unsupported location
[0.895s][warning][aot] Skipping jdk/proxy1/$Proxy3: Unsupported location
[0.895s][warning][aot] Skipping org/springframework/core/type/classreading/ClassFileAnnotationMetadata: Unsupported location
[0.895s][warning][aot] Skipping jdk/proxy2/$Proxy32: Unsupported location
[0.895s][warning][aot] Skipping jdk/proxy2/$Proxy33: Unsupported location
[0.895s][warning][aot] Skipping org/springframework/core/type/classreading/ClassFileAnnotationDelegate$Source: Unsupported location
[0.895s][warning][aot] Skipping jdk/proxy2/$Proxy5: Unsupported location
[0.895s][warning][aot] Skipping jdk/proxy2/$Proxy37: Unsupported location
[0.895s][warning][aot] Skipping jdk/proxy2/$Proxy31: Unsupported location
[0.895s][warning][aot] Skipping jdk/proxy2/$Proxy29: Unsupported location
[0.895s][warning][aot] Skipping jdk/proxy2/$Proxy30: Unsupported location
[0.895s][warning][aot] Skipping jdk/proxy2/$Proxy28: Unsupported location
[0.895s][warning][aot] Skipping org/springframework/core/$Proxy6: Unsupported location
[0.895s][warning][aot] Skipping org/springframework/core/type/classreading/ClassFileMethodMetadata$Source: Unsupported location
[0.895s][warning][aot] Skipping jdk/proxy1/$Proxy0: Unsupported location
[0.895s][warning][aot] Skipping jdk/proxy1/$Proxy1: Unsupported location
[0.895s][warning][aot] Skipping jdk/proxy1/$Proxy20: Unsupported location
[0.895s][warning][aot] Skipping jdk/proxy2/$Proxy21: Unsupported location
[0.895s][warning][aot] Skipping jdk/proxy2/$Proxy19: Unsupported location
[0.895s][warning][aot] Skipping jdk/proxy2/$Proxy13: Unsupported location
[0.895s][warning][aot] Skipping jdk/proxy2/$Proxy12: Unsupported location
[0.895s][warning][aot] Skipping jdk/proxy2/$Proxy27: Unsupported location
[0.895s][warning][aot] Skipping jdk/proxy2/$Proxy14: Unsupported location
[0.895s][warning][aot] Skipping jdk/proxy2/$Proxy15: Unsupported location
[0.895s][warning][aot] Skipping jdk/proxy2/$Proxy25: Unsupported location
[0.895s][warning][aot] Skipping jdk/proxy2/$Proxy26: Unsupported location
[0.895s][warning][aot] Skipping jdk/proxy2/$Proxy18: Unsupported location
[0.895s][warning][aot] Skipping jdk/proxy1/$Proxy17: Unsupported location
[0.895s][warning][aot] Skipping jdk/proxy2/$Proxy16: Unsupported location
 AOTConfiguration recorded: record-check.aotconf
