16:13  up 18 days,  7:47, 13 users, load averages: 8.52 8.42 8.10
baseline wall_ms=690 Started BlogApplicationKt in 0.439 seconds (process running for 0.621)
cds wall_ms=332 Started BlogApplicationKt in 0.222 seconds (process running for 0.309)
aot wall_ms=370 Started BlogApplicationKt in 0.199 seconds (process running for 0.342)
baseline wall_ms=711 Started BlogApplicationKt in 0.534 seconds (process running for 0.676)
cds wall_ms=461 Started BlogApplicationKt in 0.328 seconds (process running for 0.427)
aot wall_ms=404 Started BlogApplicationKt in 0.238 seconds (process running for 0.364)
baseline wall_ms=1046 Started BlogApplicationKt in 0.781 seconds (process running for 0.994)
cds wall_ms=768 Started BlogApplicationKt in 0.554 seconds (process running for 0.711)
aot wall_ms=848 Started BlogApplicationKt in 0.504 seconds (process running for 0.755)
baseline wall_ms=2218 Started BlogApplicationKt in 1.704 seconds (process running for 2.109)
cds wall_ms=1022 Started BlogApplicationKt in 0.726 seconds (process running for 0.953)
aot wall_ms=618 Started BlogApplicationKt in 0.352 seconds (process running for 0.575)
baseline wall_ms=508 Started BlogApplicationKt in 0.376 seconds (process running for 0.481)
cds wall_ms=275 Started BlogApplicationKt in 0.194 seconds (process running for 0.255)
aot wall_ms=222 Started BlogApplicationKt in 0.124 seconds (process running for 0.2)
baseline wall_ms=7415 Started BlogApplicationKt in 0.35 seconds (process running for 0.449)
cds wall_ms=379 Started BlogApplicationKt in 0.203 seconds (process running for 0.338)
aot wall_ms=219 Started BlogApplicationKt in 0.121 seconds (process running for 0.194)
baseline wall_ms=481 Started BlogApplicationKt in 0.357 seconds (process running for 0.459)
cds wall_ms=274 Started BlogApplicationKt in 0.195 seconds (process running for 0.253)
aot wall_ms=224 Started BlogApplicationKt in 0.125 seconds (process running for 0.201)
baseline wall_ms=478 Started BlogApplicationKt in 0.355 seconds (process running for 0.453)
cds wall_ms=260 Started BlogApplicationKt in 0.182 seconds (process running for 0.24)
aot wall_ms=215 Started BlogApplicationKt in 0.122 seconds (process running for 0.195)
baseline wall_ms=456 Started BlogApplicationKt in 0.336 seconds (process running for 0.433)
cds wall_ms=272 Started BlogApplicationKt in 0.192 seconds (process running for 0.251)
aot wall_ms=236 Started BlogApplicationKt in 0.134 seconds (process running for 0.212)
baseline wall_ms=567 Started BlogApplicationKt in 0.424 seconds (process running for 0.538)
cds wall_ms=358 Started BlogApplicationKt in 0.253 seconds (process running for 0.332)
aot wall_ms=320 Started BlogApplicationKt in 0.183 seconds (process running for 0.291)
baseline wall_ms=736 Started BlogApplicationKt in 0.556 seconds (process running for 0.698)
cds wall_ms=437 Started BlogApplicationKt in 0.312 seconds (process running for 0.406)
aot wall_ms=386 Started BlogApplicationKt in 0.227 seconds (process running for 0.354)
baseline wall_ms=1078 Started BlogApplicationKt in 0.814 seconds (process running for 1.023)
cds wall_ms=703 Started BlogApplicationKt in 0.507 seconds (process running for 0.649)
aot wall_ms=846 Started BlogApplicationKt in 0.513 seconds (process running for 0.77)
baseline median=690 min=456 all=456 478 481 508 567 690 711 736 1046 1078 2218 7415 
cds median=358 min=260 all=260 272 274 275 332 358 379 437 461 703 768 1022 
aot median=320 min=215 all=215 219 222 224 236 320 370 386 404 618 846 848 
16:14  up 18 days,  7:48, 13 users, load averages: 16.73 10.24 8.75
