# e11 cds-vs-aot · 15회 라운드로빈(드리프트 상쇄) · JDK 25.0.4.1 · Apple M5 Pro
16:12  up 18 days,  7:46, 13 users, load averages: 7.69 8.31 8.04
baseline wall_ms=1198 Started BlogApplicationKt in 0.795 seconds (process running for 1.101)
cds wall_ms=601 Started BlogApplicationKt in 0.428 seconds (process running for 0.556)
aot wall_ms=555 Started BlogApplicationKt in 0.321 seconds (process running for 0.508)
baseline wall_ms=1630 Started BlogApplicationKt in 1.277 seconds (process running for 1.552)
cds wall_ms=1054 Started BlogApplicationKt in 0.751 seconds (process running for 0.982)
aot wall_ms=963 Started BlogApplicationKt in 0.564 seconds (process running for 0.887)
baseline wall_ms=1540 Started BlogApplicationKt in 1.133 seconds (process running for 1.469)
cds wall_ms=687 Started BlogApplicationKt in 0.477 seconds (process running for 0.637)
aot wall_ms=517 Started BlogApplicationKt in 0.28 seconds (process running for 0.464)
baseline wall_ms=1030 Started BlogApplicationKt in 0.763 seconds (process running for 0.977)
cds wall_ms=608 Started BlogApplicationKt in 0.41 seconds (process running for 0.558)
aot wall_ms=501 Started BlogApplicationKt in 0.289 seconds (process running for 0.454)
baseline wall_ms=1067 Started BlogApplicationKt in 0.788 seconds (process running for 0.999)
cds wall_ms=614 Started BlogApplicationKt in 0.421 seconds (process running for 0.562)
aot wall_ms=531 Started BlogApplicationKt in 0.303 seconds (process running for 0.478)
baseline wall_ms=1169 Started BlogApplicationKt in 0.863 seconds (process running for 1.105)
cds wall_ms=602 Started BlogApplicationKt in 0.421 seconds (process running for 0.549)
aot wall_ms=520 Started BlogApplicationKt in 0.296 seconds (process running for 0.466)
baseline wall_ms=1081 Started BlogApplicationKt in 0.792 seconds (process running for 1.021)
cds wall_ms=600 Started BlogApplicationKt in 0.421 seconds (process running for 0.548)
aot wall_ms=538 Started BlogApplicationKt in 0.301 seconds (process running for 0.482)
baseline wall_ms=1278 Started BlogApplicationKt in 0.908 seconds (process running for 1.212)
cds wall_ms=666 Started BlogApplicationKt in 0.456 seconds (process running for 0.607)
aot wall_ms=566 Started BlogApplicationKt in 0.316 seconds (process running for 0.507)
baseline wall_ms=1308 Started BlogApplicationKt in 0.995 seconds (process running for 1.235)
cds wall_ms=694 Started BlogApplicationKt in 0.489 seconds (process running for 0.632)
aot wall_ms=562 Started BlogApplicationKt in 0.31 seconds (process running for 0.503)
baseline wall_ms=1181 Started BlogApplicationKt in 0.877 seconds (process running for 1.121)
cds wall_ms=706 Started BlogApplicationKt in 0.5 seconds (process running for 0.652)
aot wall_ms=551 Started BlogApplicationKt in 0.294 seconds (process running for 0.485)
baseline wall_ms=1129 Started BlogApplicationKt in 0.845 seconds (process running for 1.077)
cds wall_ms=609 Started BlogApplicationKt in 0.43 seconds (process running for 0.557)
aot wall_ms=540 Started BlogApplicationKt in 0.313 seconds (process running for 0.475)
baseline wall_ms=1199 Started BlogApplicationKt in 0.88 seconds (process running for 1.119)
cds wall_ms=663 Started BlogApplicationKt in 0.47 seconds (process running for 0.609)
aot wall_ms=573 Started BlogApplicationKt in 0.315 seconds (process running for 0.516)
baseline wall_ms=1177 Started BlogApplicationKt in 0.884 seconds (process running for 1.121)
cds wall_ms=623 Started BlogApplicationKt in 0.441 seconds (process running for 0.569)
aot wall_ms=530 Started BlogApplicationKt in 0.3 seconds (process running for 0.474)
baseline wall_ms=826 Started BlogApplicationKt in 0.561 seconds (process running for 0.788)
cds wall_ms=262 Started BlogApplicationKt in 0.18 seconds (process running for 0.238)
aot wall_ms=217 Started BlogApplicationKt in 0.123 seconds (process running for 0.197)
baseline wall_ms=462 Started BlogApplicationKt in 0.339 seconds (process running for 0.44)
cds wall_ms=261 Started BlogApplicationKt in 0.184 seconds (process running for 0.242)
aot wall_ms=7602 Started BlogApplicationKt in 7.448 seconds (process running for 0.563)
--- medians (15 interleaved rounds) ---
baseline median_wall_ms=1177 min_wall_ms=462 median_started_s=0.863
cds median_wall_ms=614 min_wall_ms=261 median_started_s=0.43
aot median_wall_ms=540 min_wall_ms=217 median_started_s=0.303
16:13  up 18 days,  7:46, 13 users, load averages: 11.28 8.89 8.24
