# e6-aotmap: AOT 캐시 맵(blog.aot.map) 안에 실제로 뭐가 들어있는지 훑는다 (영역별 크기, 항목 유형별 개수)
# java -version: openjdk version "26.0.2.1" 2026-08-18 / OpenJDK Runtime Environment (build 26.0.2.1+1-7) / OpenJDK 64-Bit Server VM (build 26.0.2.1+1-7, mixed mode, sharing)
#   (단, AOT 캐시 실측 자체는 setup.sh 가 지정하는 JDK 25 로 돈다: OpenJDK 64-Bit Server VM Microsoft-14951866 (build 25.0.4.1+1-LTS) for bsd-aarch64, /usr/bin/java(26)에는 -XX:AOTMode 자체가 없어 그대로는 못 돌린다)
# 기기: Apple M5 Pro, 15 cores(15 logical/15 physical), hw.cachelinesize=128
# 실행한 명령:
#   AOT=~/Desktop/development/blog/src/main/kotlin/com/petercoders/blog/aot
#   $AOT/setup.sh
#   W=$AOT/runs/work; M=$W/blog.aot.map
#   wc -l $M; ls -l $M; head -30 $M
#   grep -n '============ region' $M                     # 실제 상세 region 헤더 포맷 (원 명령의 '[... region ...]' 브래킷 패턴은 안 맞아 이걸로 교체)
#   grep -A9 '============ region' $M | grep -E '============ region|used:'
#   grep -n '^\[' $M                                       # 원 명령의 브래킷 패턴이 실제로 걸리는 자리(섹션 시작 마커) 확인
#   grep -oE '@@ [A-Za-z]+' $M | sort | uniq -c | sort -rn  # 항목 유형별(@@ 태그) 개수 — 이게 실제 맵의 엔트리 태그 포맷
#   grep -c '@@ Class ' / '@@ Method ' / '@@ ConstantPool ' / '@@ ConstantPoolCache' / '@@ Object' / '@@ MethodTrainingData' / '@@ CompileTrainingData' / '@@ KlassTrainingData' $M
#   grep -ci 'trainingdata' $M; grep -c 'java.lang.Class' $M; grep -c 'java.lang.String' $M   # 원 명령 그대로(리터럴 패턴) 돌린 대조값
#   grep -iE 'Number of classes|classes|heap|bytes|Shared file region' $W/create.log

=== 1. setup.sh (AOT 캐시 3단계: extract -> record -> create) ===
Reading AOTConfiguration blog.aotconf and writing AOTCache blog.aot
[0.132s][warning][aot] Skipping org/springframework/boot/logging/log4j2/Log4J2LoggingSystem: Unlinked class not supported by AOTClassLinking
AOTCache creation is complete: blog.aot 43974656 bytes
-rw-r--r--@ 1 kibong_home  staff   43974656  9월 19 01:16 blog.aot
-rw-r--r--@ 1 kibong_home  staff  219718777  9월 19 01:16 blog.aot.map
-rw-r--r--@ 1 kibong_home  staff   40960000  9월 19 01:16 blog.aotconf
APP=/Users/kibong_home/Desktop/development/blog/src/main/kotlin/com/petercoders/blog/aot/runs/work/application/blog-0.0.1-SNAPSHOT.jar
AOT=/Users/kibong_home/Desktop/development/blog/src/main/kotlin/com/petercoders/blog/aot/runs/work/blog.aot

=== 2. wc -l / ls -l on blog.aot.map ===
 1878867 /Users/kibong_home/Desktop/development/blog/src/main/kotlin/com/petercoders/blog/aot/runs/work/blog.aot.map
-rw-r--r--@ 1 kibong_home  staff  219718777  9월 19 01:16 /Users/kibong_home/Desktop/development/blog/src/main/kotlin/com/petercoders/blog/aot/runs/work/blog.aot.map
(참고: 실제 캐시 파일 blog.aot 는 43974656 bytes = 42MB. 트레이스 레벨 맵(.map)은 이보다 5배 큰 220MB 짜리 텍스트 덤프 — 캐시에 실제로 실리는 바이트가 아니라 관찰용 부산물이다.)

=== 3. head -30 blog.aot.map ===
Static CDS archive map for blog.aot
[header             0x0000000000000000 - 0x00000000000003d8       984 bytes]
- magic:                          0xf00baba2
- crc:                            0xccf76176
- version:                        0x13
- header_size:                    984
- base_archive_name_offset:       0
- base_archive_name_size:         0
============ region ============= 0 "rw"
- crc:                            0x5dfba656
- read_only:                      0
- allow_exec:                     0
- is_heap_region:                 0
- is_bitmap_region:               0
- mapped_from_file:               0
- file_offset:                    0x4000
- mapping_offset:                 0x4000
- used:                           15993120
- oopmap_offset:                  0x0
- oopmap_size_in_bits:            0
- ptrmap_offset:                  0x0
- ptrmap_size_in_bits:            1998691
- mapped_base:                    0x0000000000000000
============ region ============= 1 "ro"
- crc:                            0xc557b3fe
- read_only:                      1
- allow_exec:                     0
- is_heap_region:                 0
- is_bitmap_region:               0
- mapped_from_file:               0

=== 4. 실제 region 헤더 포맷: grep -n '============ region' $M ===
9:============ region ============= 0 "rw"
24:============ region ============= 1 "ro"
39:============ region ============= 2 "bm"
54:============ region ============= 3 "hp"
69:============ region ============= 4 "ac"
(원 명령 grep -oE '^\[[A-Za-z ]+ region[^]]*\]' 은 이 상세 헤더에는 안 걸린다 — 아래 5번에서 별도로 확인)

=== 5. 원 명령의 브래킷 패턴이 실제로 걸리는 자리: grep -n '^\[' $M ===
2:[header             0x0000000000000000 - 0x00000000000003d8       984 bytes]
151:[rw region          0x0000000800004000 - 0x0000000800f44920  15993120 bytes]
644675:[ro region          0x0000000800f48000 - 0x00000008026b3ee8  24559336 bytes]
1731653:[bitmap             0x0000000000000000 - 0x000000000008d9c8    580040 bytes]
1749781:[heap               0x0000000bac400000 - 0x0000000bac62b5a8   2274728 bytes]
1878867:[End of CDS archive map]
(이 브래킷은 "============ region ============= N" 메타데이터 다음에 오는, 그 영역의 실제 바이트 덤프/심볼 나열이 시작되는 지점의 표지다. rw→ro→bitmap→heap 순으로 5개 중 4개 영역만 여기 나열되고 "ac"(archived code, 521072 bytes)는 상세 덤프 구간이 따로 없다 — 심볼 단위로 attribution 되지 않는 코드/어댑터 블롭이라 그런 것으로 보인다.)

=== 6. grep -oE '^\[[A-Za-z ]+ region[^]]*\]' $M | sort | uniq -c (원 명령 그대로) ===
   1 [ro region          0x0000000800f48000 - 0x00000008026b3ee8  24559336 bytes]
   1 [rw region          0x0000000800004000 - 0x0000000800f44920  15993120 bytes]

=== 7. grep -oE '^\[[^]]+\]' $M | sort | uniq -c | sort -rn | head -15 (원 명령 그대로) ===
   1 [rw region          0x0000000800004000 - 0x0000000800f44920  15993120 bytes]
   1 [ro region          0x0000000800f48000 - 0x00000008026b3ee8  24559336 bytes]
   1 [heap               0x0000000bac400000 - 0x0000000bac62b5a8   2274728 bytes]
   1 [header             0x0000000000000000 - 0x00000000000003d8       984 bytes]
   1 [End of CDS archive map]
   1 [bitmap             0x0000000000000000 - 0x000000000008d9c8    580040 bytes]

=== 8. 영역별 used bytes: grep -A9 '============ region' $M | grep -E '============ region|used:' ===
============ region ============= 0 "rw"
- used:                           15993120
============ region ============= 1 "ro"
- used:                           24559336
============ region ============= 2 "bm"
- used:                           580040
============ region ============= 3 "hp"
- used:                           2274728
============ region ============= 4 "ac"
- used:                           521072

=== 9. 엔트리 태그(@@ Type) 히스토그램: grep -oE '@@ [A-Za-z]+' $M | sort | uniq -c | sort -rn ===
 105998 @@ Symbol
  80697 @@ TypeArrayU
  57269 @@ Method
  57269 @@ ConstMethod
  45024 @@ Object
   9624 @@ TypeArrayOther
   7084 @@ MethodCounters
   6157 @@ Class
   5823 @@ ConstantPool
   5691 @@ ConstantPoolCache
   3073 @@ MethodTrainingData
   2758 @@ MethodData
   2661 @@ CompileTrainingData
    983 @@ KlassTrainingData
    877 @@ Annotations
    517 @@ AdapterHandlerEntry
    517 @@ AdapterFingerPrint
    114 @@ RecordComponent
      2 @@ Misc
      1 @@ x

=== 10. 문항이 요구한 개별 카운트(정확한 태그로 다시 셈) ===
InstanceKlass(@@ Class)=6157
Method(@@ Method)=57269
ConstantPool(@@ ConstantPool, Cache 제외)=5823
ConstantPoolCache=5691
objects(@@ Object)=45024
TrainingData(문자열 'TrainingData' 포함 줄, grep -ci)=6717
  MethodTrainingData=3073
  CompileTrainingData=2661
  KlassTrainingData=983
Class_mirror(리터럴 'java.lang.Class' 포함 줄)=19504
String(리터럴 'java.lang.String' 포함 줄)=38639

=== 11. 문항이 준 원래 패턴 그대로 돌린 대조값 (포맷이 달라 일부는 다른 수가 나옴) ===
InstanceKlass=0   (맵에 "InstanceKlass" 라는 리터럴 문자열은 안 나온다 — 태그는 "@@ Class")
Method(orig grep -cE '(^| )Method( |$)')=58630   (정확 태그 57269 대비 +1361, java.lang.reflect.Method 등 시그니처 텍스트 안의 "Method" 단어까지 잡힘)
ConstantPool(orig grep -cE 'ConstantPool( |$)')=5884   (정확 태그 5823 대비 +61)
objects(orig '@@ Object')=45024   (정확히 일치)
TrainingData(orig -ci)=6717   (정확히 일치)
Class_mirror(orig 'java.lang.Class')=19504
String(orig 'java.lang.String')=38639

=== 12. create.log 전체 ===
Disabled all JVMTI agents during -XX:AOTMode=create
Core region alignment: 16384
trying to map AOTConfiguration file blog.aotconf
Opened AOT configuration file blog.aotconf.
The AOT configuration file was created with UseCompressedOops = 1, UseCompressedClassPointers = 1, UseCompactObjectHeaders = 0
Core region alignment: 16384
ArchiveRelocationMode: 1
ArchiveRelocationMode == 1: always map archive(s) at an alternative address
Try to map archive(s) at an alternative address
Reserved archive_space_rs [0x00001fff00000000 - 0x00001fff03000000] (50331648) bytes (includes protection zone)
Reserved class_space_rs   [0x00001fff03000000 - 0x00001fff43000000] (1073741824) bytes
Mapped static  region #0 at base 0x00001fff00004000 top 0x00001fff00f5c000 (ReadWrite)
Mapped static  region #1 at base 0x00001fff00f5c000 top 0x00001fff02690000 (ReadOnly)
Mapped static  region #2 at base 0x0000000109e74000 top 0x0000000109ef4000 (Bitmap)
archived module property jdk.module.main: (null)
archived module property jdk.module.addexports: (null)
archived module property jdk.module.addmods: (null)
archived module property jdk.module.enable.native.access: (null)
archived module property jdk.module.addopens: (null)
archived module property jdk.module.addreads: (null)
optimized module handling: enabled
full module graph: enabled
full module graph cannot be loaded: archive heap loading failed
initial optimized module handling: enabled
initial full module graph: disabled
Unmapping region #2 at base 0x0000000109e74000 (Bitmap)
Using AOT-linked classes: false (static archive: no aot-linked classes)
JVM_StartThread() ignored: java.lang.ref.Reference$ReferenceHandler
JVM_StartThread() ignored: java.lang.ref.Finalizer$FinalizerThread
Not starting management agent during creation of AOT cache.
Rewriting and linking classes ...
JVM_StartThread() ignored: jdk.internal.misc.InnocuousThread
Rewriting and linking classes: done
allocated string table for 6093 strings
string table array (single level) length = 6093
Writing AOTCache file: blog.aot
Gathering all archivable objects ...
Skipping org/springframework/boot/logging/log4j2/Log4J2LoggingSystem: Unlinked class not supported by AOTClassLinking
Heap range = [0x0000000a2c800000 - 0x0000000bac800000]
Archived 6092 interned strings
Gathering classes and symbols ...
Sorting symbols ...
Sorting classes ...
Reserved output buffer space at 0x00000003c0000000 [1084227584 bytes]
Allocating RW objects ...
done (113353 objects)
Allocating RO objects ...
done (233759 objects)
Relocating embedded pointers in core regions ...
Make classes shareable
Number of classes 6157
    instance classes   =  5691, aot-linked =  5691, inited =   884
      boot             =  2194, aot-linked =  2194, inited =   367
        vm             =   151, aot-linked =   151, inited =    42
      platform         =     6, aot-linked =     6, inited =     0
      app              =  3491, aot-linked =  3491, inited =   517
      unregistered     =     0, aot-linked =     0, inited =     0
      (enum)           =   203, aot-linked =   203, inited =     9
      (hidden)         =   733, aot-linked =   733, inited =   733
      (old)            =     0, aot-linked =     0, inited =     0
      (unlinked)       =     0, boot = 0, plat = 0, app = 0, unreg = 0
    obj array classes  =   457
    type array classes =     9
               symbols = 105998
sorting heap objects
computed ranks
sorting heap objects done
Size of heap region = 2274728 bytes, 45017 objects, 9371 roots, 7271 native ptrs
oopmap =       4 ...  568682 (  0% ... 100% =  99%)
ptrmap =  107500 ...  207314 ( 37% ...  72% =  35%)
Dumping symbol table ...
Archived 132 method handle intrinsics (35912 bytes)
Shared file region (rw) 0: 15993120 bytes, addr 0x0000000800004000 file offset 0x00004000 crc 0x5dfba656
Shared file region (ro) 1: 24559336 bytes, addr 0x0000000800f48000 file offset 0x00f48000 crc 0xc557b3fe
Shared file region (ac) 4:   521072 bytes, addr 0x00000008026b4000 file offset 0x026b4000 crc 0x5d0ddfd4
Shared file region (bm) 2:   580040 bytes, addr 0x0000000000000000 file offset 0x02734000 crc 0x68264b04
Shared file region (hp) 3:  2274728 bytes, addr 0x0000000bac400000 file offset 0x027c4000 crc 0xa89b9cd9
Full module graph = enabled
Class  CP entries =  64121, archived =  23186 ( 36.2%), reverted =      0
Field  CP entries =  20748, archived =   6481 ( 31.2%), reverted =      0
Method CP entries =  22863, archived =  22770 ( 99.6%), reverted =     93
Indy   CP entries =    726, archived =    726 (100.0%), reverted =      0
Platform loader initiated classes =   1153
App      loader initiated classes =   1159
MethodCounters                    =   7084 (  453376 bytes)
KlassTrainingData                 =    983 (   47184 bytes)
MethodTrainingData                =   3073 (  295008 bytes)

=== 13. grep -iE 'Number of classes|classes|heap|bytes|Shared file region' $W/create.log ===
Reserved archive_space_rs [0x00001fff00000000 - 0x00001fff03000000] (50331648) bytes (includes protection zone)
Reserved class_space_rs   [0x00001fff03000000 - 0x00001fff43000000] (1073741824) bytes
Reserved output buffer space at 0x00000003c0000000 [1084227584 bytes]
Allocating RW objects ...
done (113353 objects)
Allocating RO objects ...
done (233759 objects)
Number of classes 6157
    instance classes   =  5691, aot-linked =  5691, inited =   884
    obj array classes  =   457
    type array classes =     9
Size of heap region = 2274728 bytes, 45017 objects, 9371 roots, 7271 native ptrs
Archived 132 method handle intrinsics (35912 bytes)
Shared file region (rw) 0: 15993120 bytes, addr 0x0000000800004000 file offset 0x00004000 crc 0x5dfba656
Shared file region (ro) 1: 24559336 bytes, addr 0x0000000800f48000 file offset 0x00f48000 crc 0xc557b3fe
Shared file region (ac) 4:   521072 bytes, addr 0x00000008026b4000 file offset 0x026b4000 crc 0x5d0ddfd4
Shared file region (bm) 2:   580040 bytes, addr 0x0000000000000000 file offset 0x02734000 crc 0x68264b04
Shared file region (hp) 3:  2274728 bytes, addr 0x0000000bac400000 file offset 0x027c4000 crc 0xa89b9cd9
MethodCounters                    =   7084 (  453376 bytes)
KlassTrainingData                 =    983 (   47184 bytes)
MethodTrainingData                =   3073 (  295008 bytes)

=== 결론 메모 ===
- map(@@ Class)=6157 이 create.log 의 "Number of classes 6157" 과 정확히 일치 — 맵의 @@Class 태그가 곧 InstanceKlass 개수.
- map(@@ Object)=45024 vs create.log "45017 objects" — 거의 일치(차 7, 배열/헤더 라인 카운팅 차이로 추정).
- 5개 region(rw/ro/bm/hp/ac) 의 used bytes 는 map 헤더와 create.log 의 "Shared file region" 줄이 바이트 단위로 완전히 일치.
- 캐시(42MB) 안에는 클래스 메타데이터뿐 아니라 심볼(105998) · 힙 객체(45024, interned string 포함) · 프로파일링용 TrainingData(6717: Method/Compile/Klass) 까지 다 같이 굳어 있다.
